HOST=elmo1-4.hw.elixir-czech.cz  JOB=22822673.pbs-m1.metacentrum.cz  ARRAY=0  CPUS=8  ENGINE=haar_ensemble
Ensemble batch J=4: n=10 geometries=('A', 'B', 'C') batch_index=0
[000000/A] SKIP seed=20250810
[000000/B] SKIP seed=20250810
[000000/C] SKIP seed=20250810
[000001/A] SKIP seed=20250811
[000001/B] SKIP seed=20250811
[000001/C] SKIP seed=20250811
[000002/A] SKIP seed=20250812
[000002/B] SKIP seed=20250812
[000002/C] SKIP seed=20250812
[000003/A] SKIP seed=20250813
[000003/B] SKIP seed=20250813
[000003/C] SKIP seed=20250813
[000004/A] SKIP seed=20250814
[000004/B] SKIP seed=20250814
[000004/C] SKIP seed=20250814
[000005/A] SKIP seed=20250815
[000005/B] SKIP seed=20250815
[000005/C] SKIP seed=20250815
[000006/A] SKIP seed=20250816
[000006/B] SKIP seed=20250816
[000006/C] SKIP seed=20250816
[000007/A] SKIP seed=20250817
[000007/B] SKIP seed=20250817
[000007/C] SKIP seed=20250817
[000008/A] SKIP seed=20250818
[000008/B] SKIP seed=20250818
[000008/C] SKIP seed=20250818
[000009/A] SKIP seed=20250819
[000009/B] SKIP seed=20250819
[000009/C] SKIP seed=20250819
Batch finished: ran=0 skipped=30
